Copyright (c) 1992-2018 The FreeBSD Project.
Copyright (c) 1979, 1980, 1983, 1986, 1988, 1989, 1991, 1992, 1993, 1994
	The Regents of the University of California. All rights reserved.
FreeBSD is a registered trademark of The FreeBSD Foundation.
FreeBSD 11.1-STABLE #0 f16756fb140(stable/11)-dirty: Tue Feb 20 18:30:55 UTC 2018
    root@test:/usr/obj/usr/src/sys/GENERIC amd64
FreeBSD clang version 5.0.1 (tags/RELEASE_501/final 320880) (based on LLVM 5.0.1)
VT(vga): resolution 640x480
CPU: Intel(R) Xeon(R) CPU E5-2650 v4 @ 2.20GHz (2200.05-MHz K8-class CPU)
  Origin="GenuineIntel"  Id=0x406f1  Family=0x6  Model=0x4f  Stepping=1
  Features=0xbfebfbff<FPU,VME,DE,PSE,TSC,MSR,PAE,MCE,CX8,APIC,SEP,MTRR,PGE,MCA,CMOV,PAT,PSE36,CLFLUSH,DTS,ACPI,MMX,FXSR,SSE,SSE2,SS,HTT,TM,PBE>
  Features2=0x7ffefbff<SSE3,PCLMULQDQ,DTES64,MON,DS_CPL,VMX,SMX,EST,TM2,SSSE3,SDBG,FMA,CX16,xTPR,PDCM,PCID,DCA,SSE4.1,SSE4.2,x2APIC,MOVBE,POPCNT,TSCDLT,AESNI,XSAVE,OSXSAVE,AVX,F16C,RDRAND>
  AMD Features=0x2c100800<SYSCALL,NX,Page1GB,RDTSCP,LM>
  AMD Features2=0x121<LAHF,ABM,Prefetch>
  Structured Extended Features=0x21cbfbb<FSGSBASE,TSCADJ,BMI1,HLE,AVX2,SMEP,BMI2,ERMS,INVPCID,RTM,PQM,NFPUSG,PQE,RDSEED,ADX,SMAP,PROCTRACE>
  XSAVE Features=0x1<XSAVEOPT>
  VT-x: PAT,HLT,MTF,PAUSE,EPT,UG,VPID,VID,PostIntr
  TSC: P-state invariant, performance statistics
real memory  = 274869518336 (262136 MB)
avail memory = 267231674368 (254851 MB)
Event timer "LAPIC" quality 600
ACPI APIC Table: <SUPERM SMCI--MB>
FreeBSD/SMP: Multiprocessor System Detected: 48 CPUs
FreeBSD/SMP: 2 package(s) x 12 core(s) x 2 hardware threads
random: unblocking device.
ioapic0 <Version 2.0> irqs 0-23 on motherboard
ioapic1 <Version 2.0> irqs 24-47 on motherboard
ioapic2 <Version 2.0> irqs 48-71 on motherboard
SMP: AP CPU #1 Launched!
SMP: AP CPU #24 Launched!
SMP: AP CPU #46 Launched!
SMP: AP CPU #32 Launched!
SMP: AP CPU #8 Launched!
SMP: AP CPU #42 Launched!
SMP: AP CPU #38 Launched!
SMP: AP CPU #43 Launched!
SMP: AP CPU #19 Launched!
SMP: AP CPU #44 Launched!
SMP: AP CPU #12 Launched!
SMP: AP CPU #13 Launched!
SMP: AP CPU #31 Launched!
SMP: AP CPU #22 Launched!
SMP: AP CPU #23 Launched!
SMP: AP CPU #27 Launched!
SMP: AP CPU #40 Launched!
SMP: AP CPU #16 Launched!
SMP: AP CPU #41 Launched!
SMP: AP CPU #18 Launched!
SMP: AP CPU #39 Launched!
SMP: AP CPU #6 Launched!
SMP: AP CPU #10 Launched!
SMP: AP CPU #20 Launched!
SMP: AP CPU #30 Launched!
SMP: AP CPU #9 Launched!
SMP: AP CPU #25 Launched!
SMP: AP CPU #5 Launched!
SMP: AP CPU #2 Launched!
SMP: AP CPU #35 Launched!
SMP: AP CPU #26 Launched!
SMP: AP CPU #28 Launched!
SMP: AP CPU #15 Launched!
SMP: AP CPU #45 Launched!
SMP: AP CPU #33 Launched!
SMP: AP CPU #21 Launched!
SMP: AP CPU #29 Launched!
SMP: AP CPU #37 Launched!
SMP: AP CPU #17 Launched!
SMP: AP CPU #3 Launched!
SMP: AP CPU #4 Launched!
SMP: AP CPU #11 Launched!
SMP: AP CPU #47 Launched!
SMP: AP CPU #34 Launched!
SMP: AP CPU #7 Launched!
SMP: AP CPU #36 Launched!
SMP: AP CPU #14 Launched!
Timecounter "TSC-low" frequency 1100024402 Hz quality 1000
random: entropy device external interface
kbd1 at kbdmux0
netmap: loaded module
module_register_init: MOD_LOAD (vesa, 0xffffffff80f743b0, 0) error 19
random: registering fast source Intel Secure Key RNG
random: fast provider: "Intel Secure Key RNG"
nexus0
vtvga0: <VT VGA driver> on motherboard
cryptosoft0: <software crypto> on motherboard
acpi0: <> on motherboard
acpi0: Power Button (fixed)
cpu0: <ACPI CPU> numa-domain 0 on acpi0
cpu1: <ACPI CPU> numa-domain 0 on acpi0
cpu2: <ACPI CPU> numa-domain 0 on acpi0
cpu3: <ACPI CPU> numa-domain 0 on acpi0
cpu4: <ACPI CPU> numa-domain 0 on acpi0
cpu5: <ACPI CPU> numa-domain 0 on acpi0
cpu6: <ACPI CPU> numa-domain 0 on acpi0
cpu7: <ACPI CPU> numa-domain 0 on acpi0
cpu8: <ACPI CPU> numa-domain 0 on acpi0
cpu9: <ACPI CPU> numa-domain 0 on acpi0
cpu10: <ACPI CPU> numa-domain 0 on acpi0
cpu11: <ACPI CPU> numa-domain 0 on acpi0
cpu12: <ACPI CPU> numa-domain 0 on acpi0
cpu13: <ACPI CPU> numa-domain 0 on acpi0
cpu14: <ACPI CPU> numa-domain 0 on acpi0
cpu15: <ACPI CPU> numa-domain 0 on acpi0
cpu16: <ACPI CPU> numa-domain 0 on acpi0
cpu17: <ACPI CPU> numa-domain 0 on acpi0
cpu18: <ACPI CPU> numa-domain 0 on acpi0
cpu19: <ACPI CPU> numa-domain 0 on acpi0
cpu20: <ACPI CPU> numa-domain 0 on acpi0
cpu21: <ACPI CPU> numa-domain 0 on acpi0
cpu22: <ACPI CPU> numa-domain 0 on acpi0
cpu23: <ACPI CPU> numa-domain 0 on acpi0
cpu24: <ACPI CPU> numa-domain 1 on acpi0
cpu25: <ACPI CPU> numa-domain 1 on acpi0
cpu26: <ACPI CPU> numa-domain 1 on acpi0
cpu27: <ACPI CPU> numa-domain 1 on acpi0
cpu28: <ACPI CPU> numa-domain 1 on acpi0
cpu29: <ACPI CPU> numa-domain 1 on acpi0
cpu30: <ACPI CPU> numa-domain 1 on acpi0
cpu31: <ACPI CPU> numa-domain 1 on acpi0
cpu32: <ACPI CPU> numa-domain 1 on acpi0
cpu33: <ACPI CPU> numa-domain 1 on acpi0
cpu34: <ACPI CPU> numa-domain 1 on acpi0
cpu35: <ACPI CPU> numa-domain 1 on acpi0
cpu36: <ACPI CPU> numa-domain 1 on acpi0
cpu37: <ACPI CPU> numa-domain 1 on acpi0
cpu38: <ACPI CPU> numa-domain 1 on acpi0
cpu39: <ACPI CPU> numa-domain 1 on acpi0
cpu40: <ACPI CPU> numa-domain 1 on acpi0
cpu41: <ACPI CPU> numa-domain 1 on acpi0
cpu42: <ACPI CPU> numa-domain 1 on acpi0
cpu43: <ACPI CPU> numa-domain 1 on acpi0
cpu44: <ACPI CPU> numa-domain 1 on acpi0
cpu45: <ACPI CPU> numa-domain 1 on acpi0
cpu46: <ACPI CPU> numa-domain 1 on acpi0
cpu47: <ACPI CPU> numa-domain 1 on acpi0
atrtc0: <AT realtime clock> port 0x70-0x71,0x74-0x77 irq 8 on acpi0
atrtc0: registered as a time-of-day clock, resolution 1.000000s
Event timer "RTC" frequency 32768 Hz quality 0
attimer0: <AT timer> port 0x40-0x43,0x50-0x53 irq 0 on acpi0
Timecounter "i8254" frequency 1193182 Hz quality 0
Event timer "i8254" frequency 1193182 Hz quality 100
hpet0: <High Precision Event Timer> iomem 0xfed00000-0xfed003ff on acpi0
Timecounter "HPET" frequency 14318180 Hz quality 950
Event timer "HPET" frequency 14318180 Hz quality 350
Event timer "HPET1" frequency 14318180 Hz quality 340
Event timer "HPET2" frequency 14318180 Hz quality 340
Event timer "HPET3" frequency 14318180 Hz quality 340
Event timer "HPET4" frequency 14318180 Hz quality 340
Event timer "HPET5" frequency 14318180 Hz quality 340
Event timer "HPET6" frequency 14318180 Hz quality 340
Event timer "HPET7" frequency 14318180 Hz quality 340
Timecounter "ACPI-fast" frequency 3579545 Hz quality 900
acpi_timer0: <24-bit timer at 3.579545MHz> port 0x408-0x40b on acpi0
pcib0: <ACPI Host-PCI bridge> on acpi0
pcib0: _OSC returned error 0x10
pci0: <ACPI PCI bus> on pcib0
pci0: <dasp, performance counters> at device 8.2 (no driver attached)
pci0: <dasp, performance counters> at device 9.2 (no driver attached)
pci0: <dasp, performance counters> at device 11.1 (no driver attached)
pci0: <dasp, performance counters> at device 11.2 (no driver attached)
pci0: <dasp, performance counters> at device 16.1 (no driver attached)
pci0: <dasp, performance counters> at device 16.6 (no driver attached)
pci0: <dasp, performance counters> at device 18.1 (no driver attached)
pci0: <dasp, performance counters> at device 18.5 (no driver attached)
pcib1: <ACPI Host-PCI bridge> on acpi0
pcib1: _OSC returned error 0x10
pci1: <ACPI PCI bus> on pcib1
pci1: <dasp, performance counters> at device 8.2 (no driver attached)
pci1: <dasp, performance counters> at device 9.2 (no driver attached)
pci1: <dasp, performance counters> at device 11.1 (no driver attached)
pci1: <dasp, performance counters> at device 11.2 (no driver attached)
pci1: <dasp, performance counters> at device 16.1 (no driver attached)
pci1: <dasp, performance counters> at device 16.6 (no driver attached)
pci1: <dasp, performance counters> at device 18.1 (no driver attached)
pci1: <dasp, performance counters> at device 18.5 (no driver attached)
acpi_syscontainer0: <System Container> on acpi0
acpi_syscontainer1: <System Container> on acpi0
pcib2: <ACPI Host-PCI bridge> port 0xcf8-0xcff numa-domain 0 on acpi0
pcib2: _OSC returned error 0x10
pci2: <ACPI PCI bus> numa-domain 0 on pcib2
pcib3: <ACPI PCI-PCI bridge> irq 26 at device 1.0 numa-domain 0 on pci2
pci3: <ACPI PCI bus> numa-domain 0 on pcib3
pcib4: <ACPI PCI-PCI bridge> irq 26 at device 1.1 numa-domain 0 on pci2
pci4: <ACPI PCI bus> numa-domain 0 on pcib4
pcib5: <ACPI PCI-PCI bridge> irq 32 at device 2.0 numa-domain 0 on pci2
pci5: <ACPI PCI bus> numa-domain 0 on pcib5
pcib6: <ACPI PCI-PCI bridge> irq 40 at device 3.0 numa-domain 0 on pci2
pci6: <ACPI PCI bus> numa-domain 0 on pcib6
ix0: <Intel(R) PRO/10GbE PCI-Express Network Driver, Version - 3.2.12-k> mem 0xc4200000-0xc43fffff,0xc4404000-0xc4407fff irq 44 at device 0.0 numa-domain 0 on pci6
ix0: Using MSI-X interrupts with 9 vectors
ix0: Ethernet address: 0c:c4:7a:f2:dc:54
ix0: PCI Express Bus: Speed 8.0GT/s Width x4
ix0: netmap queues/slots: TX 8/2048, RX 8/2048
ix1: <Intel(R) PRO/10GbE PCI-Express Network Driver, Version - 3.2.12-k> mem 0xc4000000-0xc41fffff,0xc4400000-0xc4403fff irq 40 at device 0.1 numa-domain 0 on pci6
ix1: Using MSI-X interrupts with 9 vectors
ix1: Ethernet address: 0c:c4:7a:f2:dc:55
ix1: PCI Express Bus: Speed 8.0GT/s Width x4
ix1: netmap queues/slots: TX 8/2048, RX 8/2048
pcib7: <ACPI PCI-PCI bridge> irq 40 at device 3.2 numa-domain 0 on pci2
pci7: <ACPI PCI bus> numa-domain 0 on pcib7
pci7: <network, ethernet> at device 0.0 (no driver attached)
pci7: <network, ethernet> at device 0.1 (no driver attached)
pci2: <unknown> at device 17.0 (no driver attached)
ahci0: <Intel Wellsburg AHCI SATA controller> port 0x7110-0x7117,0x7100-0x7103,0x70f0-0x70f7,0x70e0-0x70e3,0x7020-0x703f mem 0xc7438000-0xc74387ff irq 16 at device 17.4 numa-domain 0 on pci2
ahci0: AHCI v1.30 with 4 6Gbps ports, Port Multiplier not supported
ahcich0: <AHCI channel> at channel 0 on ahci0
ahcich1: <AHCI channel> at channel 1 on ahci0
ahcich2: <AHCI channel> at channel 2 on ahci0
ahcich3: <AHCI channel> at channel 3 on ahci0
ahciem0: <AHCI enclosure management bridge> on ahci0
xhci0: <Intel Wellsburg USB 3.0 controller> mem 0xc7400000-0xc740ffff irq 19 at device 20.0 numa-domain 0 on pci2
xhci0: 32 bytes context size, 64-bit DMA
usbus0 numa-domain 0 on xhci0
usbus0: 5.0Gbps Super Speed USB v3.0
pci2: <simple comms> at device 22.0 (no driver attached)
pci2: <simple comms> at device 22.1 (no driver attached)
ehci0: <Intel Wellsburg USB 2.0 controller> mem 0xc7434000-0xc74343ff irq 18 at device 26.0 numa-domain 0 on pci2
usbus1: EHCI version 1.0
usbus1 numa-domain 0 on ehci0
usbus1: 480Mbps High Speed USB v2.0
pcib8: <ACPI PCI-PCI bridge> irq 16 at device 28.0 numa-domain 0 on pci2
pci8: <ACPI PCI bus> numa-domain 0 on pcib8
pcib9: <ACPI PCI-PCI bridge> irq 18 at device 28.2 numa-domain 0 on pci2
pci9: <ACPI PCI bus> numa-domain 0 on pcib9
pcib10: <ACPI PCI-PCI bridge> at device 0.0 numa-domain 0 on pci9
pci10: <ACPI PCI bus> numa-domain 0 on pcib10
vgapci0: <VGA-compatible display> port 0x6000-0x607f mem 0xc6000000-0xc6ffffff,0xc7000000-0xc701ffff irq 18 at device 0.0 numa-domain 0 on pci10
vgapci0: Boot video device
ehci1: <Intel Wellsburg USB 2.0 controller> mem 0xc7433000-0xc74333ff irq 18 at device 29.0 numa-domain 0 on pci2
usbus2: EHCI version 1.0
usbus2 numa-domain 0 on ehci1
usbus2: 480Mbps High Speed USB v2.0
isab0: <PCI-ISA bridge> at device 31.0 numa-domain 0 on pci2
isa0: <ISA bus> numa-domain 0 on isab0
ahci1: <Intel Wellsburg AHCI SATA controller> port 0x7070-0x7077,0x7060-0x7063,0x7050-0x7057,0x7040-0x7043,0x7000-0x701f mem 0xc7432000-0xc74327ff irq 16 at device 31.2 numa-domain 0 on pci2
ahci1: AHCI v1.30 with 6 6Gbps ports, Port Multiplier not supported
ahcich4: <AHCI channel> at channel 0 on ahci1
ahcich5: <AHCI channel> at channel 1 on ahci1
ahcich6: <AHCI channel> at channel 2 on ahci1
ahcich7: <AHCI channel> at channel 3 on ahci1
ahcich8: <AHCI channel> at channel 4 on ahci1
ahcich9: <AHCI channel> at channel 5 on ahci1
ahciem1: <AHCI enclosure management bridge> on ahci1
pcib11: <ACPI Host-PCI bridge> numa-domain 1 on acpi0
pcib11: _OSC returned error 0x10
pci11: <ACPI PCI bus> numa-domain 1 on pcib11
pcib12: <ACPI PCI-PCI bridge> at device 0.0 numa-domain 1 on pci11
pci12: <ACPI PCI bus> numa-domain 1 on pcib12
pcib13: <ACPI PCI-PCI bridge> irq 50 at device 1.0 numa-domain 1 on pci11
pci13: <ACPI PCI bus> numa-domain 1 on pcib13
mpr0: <Avago Technologies (LSI) SAS3008> port 0xf000-0xf0ff mem 0xfb140000-0xfb14ffff,0xfb100000-0xfb13ffff irq 50 at device 0.0 numa-domain 1 on pci13
mpr0: Firmware: 14.00.00.00, Driver: 15.03.00.00-fbsd
mpr0: IOCCapabilities: 7a85c<ScsiTaskFull,DiagTrace,SnapBuf,EEDP,TransRetry,EventReplay,MSIXIndex,HostDisc,FastPath,RDPQArray>
pcib14: <ACPI PCI-PCI bridge> irq 56 at device 2.0 numa-domain 1 on pci11
pci14: <ACPI PCI bus> numa-domain 1 on pcib14
pcib15: <ACPI PCI-PCI bridge> irq 64 at device 3.0 numa-domain 1 on pci11
pcib15: [GIANT-LOCKED]
pcib16: <ACPI PCI-PCI bridge> irq 64 at device 3.1 numa-domain 1 on pci11
pcib16: [GIANT-LOCKED]
pcib17: <ACPI PCI-PCI bridge> irq 64 at device 3.2 numa-domain 1 on pci11
pcib17: [GIANT-LOCKED]
pcib18: <ACPI PCI-PCI bridge> irq 64 at device 3.3 numa-domain 1 on pci11
pcib18: [GIANT-LOCKED]
acpi_button0: <Power Button> on acpi0
uart0: <16550 or compatible> port 0x3f8-0x3ff irq 4 flags 0x10 on acpi0
uart1: <16550 or compatible> port 0x2f8-0x2ff irq 3 on acpi0
uart1: console (115200,n,8,1)
orm0: <ISA Option ROMs> at iomem 0xc0000-0xc7fff,0xce000-0xcefff,0xcf000-0xcffff on isa0
ppc0: cannot reserve I/O port range
est0: <Enhanced SpeedStep Frequency Control> numa-domain 0 on cpu0
est1: <Enhanced SpeedStep Frequency Control> numa-domain 0 on cpu1
est2: <Enhanced SpeedStep Frequency Control> numa-domain 0 on cpu2
est3: <Enhanced SpeedStep Frequency Control> numa-domain 0 on cpu3
est4: <Enhanced SpeedStep Frequency Control> numa-domain 0 on cpu4
est5: <Enhanced SpeedStep Frequency Control> numa-domain 0 on cpu5
est6: <Enhanced SpeedStep Frequency Control> numa-domain 0 on cpu6
est7: <Enhanced SpeedStep Frequency Control> numa-domain 0 on cpu7
est8: <Enhanced SpeedStep Frequency Control> numa-domain 0 on cpu8
est9: <Enhanced SpeedStep Frequency Control> numa-domain 0 on cpu9
est10: <Enhanced SpeedStep Frequency Control> numa-domain 0 on cpu10
est11: <Enhanced SpeedStep Frequency Control> numa-domain 0 on cpu11
est12: <Enhanced SpeedStep Frequency Control> numa-domain 0 on cpu12
est13: <Enhanced SpeedStep Frequency Control> numa-domain 0 on cpu13
est14: <Enhanced SpeedStep Frequency Control> numa-domain 0 on cpu14
est15: <Enhanced SpeedStep Frequency Control> numa-domain 0 on cpu15
est16: <Enhanced SpeedStep Frequency Control> numa-domain 0 on cpu16
est17: <Enhanced SpeedStep Frequency Control> numa-domain 0 on cpu17
est18: <Enhanced SpeedStep Frequency Control> numa-domain 0 on cpu18
est19: <Enhanced SpeedStep Frequency Control> numa-domain 0 on cpu19
est20: <Enhanced SpeedStep Frequency Control> numa-domain 0 on cpu20
est21: <Enhanced SpeedStep Frequency Control> numa-domain 0 on cpu21
est22: <Enhanced SpeedStep Frequency Control> numa-domain 0 on cpu22
est23: <Enhanced SpeedStep Frequency Control> numa-domain 0 on cpu23
est24: <Enhanced SpeedStep Frequency Control> numa-domain 1 on cpu24
est25: <Enhanced SpeedStep Frequency Control> numa-domain 1 on cpu25
est26: <Enhanced SpeedStep Frequency Control> numa-domain 1 on cpu26
est27: <Enhanced SpeedStep Frequency Control> numa-domain 1 on cpu27
est28: <Enhanced SpeedStep Frequency Control> numa-domain 1 on cpu28
est29: <Enhanced SpeedStep Frequency Control> numa-domain 1 on cpu29
est30: <Enhanced SpeedStep Frequency Control> numa-domain 1 on cpu30
est31: <Enhanced SpeedStep Frequency Control> numa-domain 1 on cpu31
est32: <Enhanced SpeedStep Frequency Control> numa-domain 1 on cpu32
est33: <Enhanced SpeedStep Frequency Control> numa-domain 1 on cpu33
est34: <Enhanced SpeedStep Frequency Control> numa-domain 1 on cpu34
est35: <Enhanced SpeedStep Frequency Control> numa-domain 1 on cpu35
est36: <Enhanced SpeedStep Frequency Control> numa-domain 1 on cpu36
est37: <Enhanced SpeedStep Frequency Control> numa-domain 1 on cpu37
est38: <Enhanced SpeedStep Frequency Control> numa-domain 1 on cpu38
est39: <Enhanced SpeedStep Frequency Control> numa-domain 1 on cpu39
est40: <Enhanced SpeedStep Frequency Control> numa-domain 1 on cpu40
est41: <Enhanced SpeedStep Frequency Control> numa-domain 1 on cpu41
est42: <Enhanced SpeedStep Frequency Control> numa-domain 1 on cpu42
est43: <Enhanced SpeedStep Frequency Control> numa-domain 1 on cpu43
est44: <Enhanced SpeedStep Frequency Control> numa-domain 1 on cpu44
est45: <Enhanced SpeedStep Frequency Control> numa-domain 1 on cpu45
est46: <Enhanced SpeedStep Frequency Control> numa-domain 1 on cpu46
est47: <Enhanced SpeedStep Frequency Control> numa-domain 1 on cpu47
Timecounters tick every 1.000 msec
ugen1.1: <Intel EHCI root HUB> at usbus1
ugen0.1: <0x8086 XHCI root HUB> at usbus0
ugen2.1: <Intel EHCI root HUB> at usbus2
mpr0: uhub0: SAS Address for SATA device = 858a9253a9abb2de
mpr0: <Intel EHCI root HUB, class 9/0, rev 2.00/1.00, addr 1> on usbus1
SAS Address from SAS device page0 = 4433221100000000
uhub1: <0x8086 XHCI root HUB, class 9/0, rev 3.00/1.00, addr 1> on usbus0
mpr0: SAS Address from SATA device = 858a9253a9abb2de
uhub2: mpr0: <Intel EHCI root HUB, class 9/0, rev 2.00/1.00, addr 1> on usbus2
Found device <881<SataDev,Direct>,End Device> <6.0Gbps> handle<0x0009> enclosureHandle<0x0001> slot 0
mpr0: At enclosure level 0 and connector name (    )
mpr0: SAS Address for SATA device = 858a9253a9b4a5cb
mpr0: SAS Address from SAS device page0 = 4433221101000000
mpr0: SAS Address from SATA device = 858a9253a9b4a5cb
mpr0: Found device <881<SataDev,Direct>,End Device> <6.0Gbps> handle<0x000a> enclosureHandle<0x0001> slot 1
mpr0: At enclosure level 0 and connector name (    )
mpr0: SAS Address for SATA device = 858a9253a9a9a6dd
mpr0: SAS Address from SAS device page0 = 4433221102000000
mpr0: SAS Address from SATA device = 858a9253a9a9a6dd
mpr0: Found device <881<SataDev,Direct>,End Device> <6.0Gbps> handle<0x000b> enclosureHandle<0x0001> slot 2
mpr0: At enclosure level 0 and connector name (    )
mpr0: SAS Address for SATA device = 858a9253a9b3a3cc
mpr0: SAS Address from SAS device page0 = 4433221103000000
mpr0: SAS Address from SATA device = 858a9253a9b3a3cc
mpr0: Found device <881<SataDev,Direct>,End Device> <6.0Gbps> handle<0x000c> enclosureHandle<0x0001> slot 3
mpr0: At enclosure level 0 and connector name (    )
mpr0: SAS Address for SATA device = 858a9352bca9a8de
mpr0: SAS Address from SAS device page0 = 4433221104000000
mpr0: SAS Address from SATA device = 858a9352bca9a8de
mpr0: Found device <881<SataDev,Direct>,End Device> <6.0Gbps> handle<0x000d> enclosureHandle<0x0001> slot 4
mpr0: At enclosure level 0 and connector name (    )
mpr0: SAS Address for SATA device = 858a9352bca8b2cf
mpr0: SAS Address from SAS device page0 = 4433221105000000
mpr0: SAS Address from SATA device = 858a9352bca8b2cf
mpr0: Found device <881<SataDev,Direct>,End Device> <6.0Gbps> handle<0x000e> enclosureHandle<0x0001> slot 5
mpr0: At enclosure level 0 and connector name (    )
ada0 at ahcich4 bus 0 scbus5 target 0 lun 0
ada0: <INTEL SSDSCKJB150G7 N2010112> ACS-3 ATA SATA 3.x device
ada0: Serial Number PHDW719100EV150A
ada0: 600.000MB/s transfers (SATA 3.x, UDMA6, PIO 512bytes)
ada0: Command Queueing enabled
ada0: 143089MB (293046768 512 byte sectors)
ses0 at ahciem0 bus 0 scbus4 target 0 lun 0
da0 at mpr0 bus 0 scbus12 target 0 lun 0
da1 at mpr0 bus 0 scbus12 target 1 lun 0
da2 at mpr0 bus 0 scbus12 target 2 lun 0
da3 at mpr0 bus 0 scbus12 target 3 lun 0
da4 at mpr0 bus 0 scbus12 target 4 lun 0
da5 at mpr0 bus 0 scbus12 target 5 lun 0
ses0: <AHCI SGPIO Enclosure 1.00 0001> SEMB S-E-S 2.00 device
ses0: SEMB SES Device
da3: ses1 at ahciem1 bus 0 scbus11 target 0 lun 0
<ATA Micron_5100_MTFD U027> Fixed Direct Access SPC-4 SCSI device
da3: Serial Number 172417863A22
da3: 600.000MB/s transfersda1: da5: da2: da4: da0: ses1: <ATA Micron_5100_MTFD U027> Fixed Direct Access SPC-4 SCSI device

da3: Command Queueing enabled
da3: 457862MB (937703088 512 byte sectors)
<ATA Micron_5100_MTFD U027> Fixed Direct Access SPC-4 SCSI device
da5: Serial Number 17251795F6A4
<ATA Micron_5100_MTFD U027> Fixed Direct Access SPC-4 SCSI device
<ATA Micron_5100_MTFD U027> Fixed Direct Access SPC-4 SCSI device
<AHCI SGPIO Enclosure 1.00 0001> SEMB S-E-S 2.00 device
ses1: SEMB SES Device
<ATA Micron_5100_MTFD U027> Fixed Direct Access SPC-4 SCSI device
da0: Serial Number 1724178639AD
da1: Serial Number 172417863B41
da1: 600.000MB/s transfersda2: Serial Number 17241786375C
da4: Serial Number 17251795F77C
da5: 600.000MB/s transfersda0: 600.000MB/s transfers
da1: Command Queueing enabled
da1: 457862MB (937703088 512 byte sectors)
da2: 600.000MB/s transfersda4: 600.000MB/s transfers
da5: Command Queueing enabled
da5: 457862MB (937703088 512 byte sectors)

da0: Command Queueing enabled
da0: 457862MB (937703088 512 byte sectors)

da2: Command Queueing enabled

da4: Command Queueing enabled
da4: 457862MB (937703088 512 byte sectors)
da2: 457862MB (937703088 512 byte sectors)
uhub2: 2 ports with 2 removable, self powered
uhub0: 2 ports with 2 removable, self powered
mlx5_core0: <mlx5_core> mem 0xc2000000-0xc3ffffff irq 42 at device 0.0 numa-domain 0 on pci7
mlx5_core0: INFO: firmware version: 14.17.2020
uhub1: 21 ports with 21 removable, self powered
mlx5_core0: INFO: Module 0, status: plugged
mlx5_core1: <mlx5_core> mem 0xc0000000-0xc1ffffff irq 45 at device 0.1 numa-domain 0 on pci7
mlx5_core1: INFO: firmware version: 14.17.2020
ugen1.2: <vendor 0x8087 product 0x800a> at usbus1
uhub3 numa-domain 0 on uhub0
uhub3: <vendor 0x8087 product 0x800a, class 9/0, rev 2.00/0.05, addr 2> on usbus1
ugen2.2: <vendor 0x8087 product 0x8002> at usbus2
uhub4 numa-domain 0 on uhub2
uhub4: <vendor 0x8087 product 0x8002, class 9/0, rev 2.00/0.05, addr 2> on usbus2
ugen0.2: <vendor 0x0000 product 0x0001> at usbus0
uhub5 numa-domain 0 on uhub1
uhub5: <vendor 0x0000 product 0x0001, class 9/0, rev 2.00/0.00, addr 1> on usbus0
uhub3: 6 ports with 6 removable, self powered
mlx5_core1: INFO: Module 1, status: plugged
uhub4: 8 ports with 8 removable, self powered
mce0: Ethernet address: 0c:c4:7a:d6:5c:34
mce0: link state changed to DOWN
mce1: Ethernet address: 0c:c4:7a:d6:5c:35
mce1: link state changed to DOWN
Trying to mount root from ufs:/dev/ufsid/5944c6f80a5c32e6 [rw]...
uhub5: 4 ports with 3 removable, self powered
ugen0.3: <vendor 0x0557 product 0x2419> at usbus0
ukbd0 numa-domain 0 on uhub5
ukbd0: <vendor 0x0557 product 0x2419, class 0/0, rev 1.10/1.00, addr 2> on usbus0
kbd2 at ukbd0
mce0: link state changed to UP
mce1: link state changed to UP
lagg0: link state changed to UP
mce1: link state changed to DOWN
mce1: link state changed to UP
ums0 numa-domain 0 on uhub5
ums0: <vendor 0x0557 product 0x2419, class 0/0, rev 1.10/1.00, addr 2> on usbus0
ums0: 3 buttons and [Z] coordinates ID=0
CPU: Intel(R) Xeon(R) CPU E5-2650 v4 @ 2.20GHz (2200.05-MHz K8-class CPU)
  Origin="GenuineIntel"  Id=0x406f1  Family=0x6  Model=0x4f  Stepping=1
  Features=0xbfebfbff<FPU,VME,DE,PSE,TSC,MSR,PAE,MCE,CX8,APIC,SEP,MTRR,PGE,MCA,CMOV,PAT,PSE36,CLFLUSH,DTS,ACPI,MMX,FXSR,SSE,SSE2,SS,HTT,TM,PBE>
  Features2=0x7ffefbff<SSE3,PCLMULQDQ,DTES64,MON,DS_CPL,VMX,SMX,EST,TM2,SSSE3,SDBG,FMA,CX16,xTPR,PDCM,PCID,DCA,SSE4.1,SSE4.2,x2APIC,MOVBE,POPCNT,TSCDLT,AESNI,XSAVE,OSXSAVE,AVX,F16C,RDRAND>
  AMD Features=0x2c100800<SYSCALL,NX,Page1GB,RDTSCP,LM>
  AMD Features2=0x121<LAHF,ABM,Prefetch>
  Structured Extended Features=0x21cbfbb<FSGSBASE,TSCADJ,BMI1,HLE,AVX2,SMEP,BMI2,ERMS,INVPCID,RTM,PQM,NFPUSG,PQE,RDSEED,ADX,SMAP,PROCTRACE>
  XSAVE Features=0x1<XSAVEOPT>
  VT-x: PAT,HLT,MTF,PAUSE,EPT,UG,VPID,VID,PostIntr
  TSC: P-state invariant, performance statistics
CPU: Intel(R) Xeon(R) CPU E5-2650 v4 @ 2.20GHz (2200.05-MHz K8-class CPU)
  Origin="GenuineIntel"  Id=0x406f1  Family=0x6  Model=0x4f  Stepping=1
  Features=0xbfebfbff<FPU,VME,DE,PSE,TSC,MSR,PAE,MCE,CX8,APIC,SEP,MTRR,PGE,MCA,CMOV,PAT,PSE36,CLFLUSH,DTS,ACPI,MMX,FXSR,SSE,SSE2,SS,HTT,TM,PBE>
  Features2=0x7ffefbff<SSE3,PCLMULQDQ,DTES64,MON,DS_CPL,VMX,SMX,EST,TM2,SSSE3,SDBG,FMA,CX16,xTPR,PDCM,PCID,DCA,SSE4.1,SSE4.2,x2APIC,MOVBE,POPCNT,TSCDLT,AESNI,XSAVE,OSXSAVE,AVX,F16C,RDRAND>
  AMD Features=0x2c100800<SYSCALL,NX,Page1GB,RDTSCP,LM>
  AMD Features2=0x121<LAHF,ABM,Prefetch>
  Structured Extended Features=0x21cbfbb<FSGSBASE,TSCADJ,BMI1,HLE,AVX2,SMEP,BMI2,ERMS,INVPCID,RTM,PQM,NFPUSG,PQE,RDSEED,ADX,SMAP,PROCTRACE>
  XSAVE Features=0x1<XSAVEOPT>
  VT-x: PAT,HLT,MTF,PAUSE,EPT,UG,VPID,VID,PostIntr
  TSC: P-state invariant, performance statistics
